[     299ms] [ERROR] The Content Security Policy directive 'upgrade-insecure-requests' is ignored when delivered in a report-only policy. @ https://handhold.io/:0
[     831ms] [ERROR] The Content Security Policy directive 'upgrade-insecure-requests' is ignored when delivered in a report-only policy. @ about:blank:0
[     937ms] [ERROR] The Content Security Policy directive 'upgrade-insecure-requests' is ignored when delivered in a report-only policy. @ https://handhold.io/:0
[    1109ms] [ERROR] The Content Security Policy directive 'upgrade-insecure-requests' is ignored when delivered in a report-only policy. @ https://handhold.io/_next/static/chunks/0ysdit25isxit.js:1
[    1136ms] Error: Minified React error #418; visit https://react.dev/errors/418?args[]=HTML&args[]= for the full message or use the non-minified dev environment for full errors and additional helpful warnings.
    at rX (https://handhold.io/_next/static/chunks/0ysdit25isxit.js:2:46283)
    at iu (https://handhold.io/_next/static/chunks/0ysdit25isxit.js:2:97324)
    at sd (https://handhold.io/_next/static/chunks/0ysdit25isxit.js:2:138014)
    at https://handhold.io/_next/static/chunks/0ysdit25isxit.js:2:132900
    at se (https://handhold.io/_next/static/chunks/0ysdit25isxit.js:2:133001)
    at s$ (https://handhold.io/_next/static/chunks/0ysdit25isxit.js:2:159565)
    at MessagePort.O (https://handhold.io/_next/static/chunks/0ysdit25isxit.js:2:7723)
[    2162ms] [ERROR] The Content Security Policy directive 'upgrade-insecure-requests' is ignored when delivered in a report-only policy. @ https://handhold.io/demo/embed.js:20
[    5932ms] [WARNING] The resource https://handhold.io/_next/static/chunks/0ua7stxrhwy1l.css was preloaded using link preload but not used within a few seconds from the window's load event. Please make sure it has an appropriate `as` value and it is preloaded intentionally. @ https://handhold.io/:0
[   12805ms] [WARNING] The resource https://handhold.io/_next/static/chunks/0ua7stxrhwy1l.css was preloaded using link preload but not used within a few seconds from the window's load event. Please make sure it has an appropriate `as` value and it is preloaded intentionally. @ https://handhold.io/:0
[   20793ms] [WARNING] The resource https://handhold.io/_next/static/chunks/0ua7stxrhwy1l.css was preloaded using link preload but not used within a few seconds from the window's load event. Please make sure it has an appropriate `as` value and it is preloaded intentionally. @ https://handhold.io/:0
[   28679ms] [WARNING] The resource https://handhold.io/_next/static/chunks/0ua7stxrhwy1l.css was preloaded using link preload but not used within a few seconds from the window's load event. Please make sure it has an appropriate `as` value and it is preloaded intentionally. @ https://handhold.io/:0
[   36544ms] [WARNING] The resource https://handhold.io/_next/static/chunks/0ua7stxrhwy1l.css was preloaded using link preload but not used within a few seconds from the window's load event. Please make sure it has an appropriate `as` value and it is preloaded intentionally. @ https://handhold.io/:0
[   44707ms] [WARNING] The resource https://handhold.io/_next/static/chunks/0ua7stxrhwy1l.css was preloaded using link preload but not used within a few seconds from the window's load event. Please make sure it has an appropriate `as` value and it is preloaded intentionally. @ https://handhold.io/:0
[   49060ms] [ERROR] The Content Security Policy directive 'upgrade-insecure-requests' is ignored when delivered in a report-only policy. @ https://handhold.io/:0
[   49078ms] [ERROR] The Content Security Policy directive 'upgrade-insecure-requests' is ignored when delivered in a report-only policy. @ about:blank:0
[   49113ms] [ERROR] The Content Security Policy directive 'upgrade-insecure-requests' is ignored when delivered in a report-only policy. @ https://handhold.io/:0
[   49174ms] [ERROR] The Content Security Policy directive 'upgrade-insecure-requests' is ignored when delivered in a report-only policy. @ https://handhold.io/_next/static/chunks/0ysdit25isxit.js:1
[   49186ms] Error: Minified React error #418; visit https://react.dev/errors/418?args[]=HTML&args[]= for the full message or use the non-minified dev environment for full errors and additional helpful warnings.
    at rX (https://handhold.io/_next/static/chunks/0ysdit25isxit.js:2:46283)
    at iu (https://handhold.io/_next/static/chunks/0ysdit25isxit.js:2:97324)
    at sd (https://handhold.io/_next/static/chunks/0ysdit25isxit.js:2:138014)
    at https://handhold.io/_next/static/chunks/0ysdit25isxit.js:2:132900
    at se (https://handhold.io/_next/static/chunks/0ysdit25isxit.js:2:133001)
    at s$ (https://handhold.io/_next/static/chunks/0ysdit25isxit.js:2:159565)
    at MessagePort.O (https://handhold.io/_next/static/chunks/0ysdit25isxit.js:2:7723)
[   49693ms] [ERROR] The Content Security Policy directive 'upgrade-insecure-requests' is ignored when delivered in a report-only policy. @ https://handhold.io/demo/embed.js:20
