[    1170ms] [ERROR] The Content Security Policy directive 'upgrade-insecure-requests' is ignored when delivered in a report-only policy. @ https://handhold.io/:0
[    1257ms] [ERROR] The Content Security Policy directive 'upgrade-insecure-requests' is ignored when delivered in a report-only policy. @ about:blank:0
[    1292ms] [ERROR] The Content Security Policy directive 'upgrade-insecure-requests' is ignored when delivered in a report-only policy. @ https://handhold.io/:0
[    1411ms] [ERROR] The Content Security Policy directive 'upgrade-insecure-requests' is ignored when delivered in a report-only policy. @ https://handhold.io/_next/static/chunks/0ysdit25isxit.js:1
[    1424ms] Error: Minified React error #418; visit https://react.dev/errors/418?args[]=HTML&args[]= for the full message or use the non-minified dev environment for full errors and additional helpful warnings.
    at rX (https://handhold.io/_next/static/chunks/0ysdit25isxit.js:2:46283)
    at iu (https://handhold.io/_next/static/chunks/0ysdit25isxit.js:2:97324)
    at sd (https://handhold.io/_next/static/chunks/0ysdit25isxit.js:2:138014)
    at https://handhold.io/_next/static/chunks/0ysdit25isxit.js:2:132900
    at se (https://handhold.io/_next/static/chunks/0ysdit25isxit.js:2:133001)
    at s$ (https://handhold.io/_next/static/chunks/0ysdit25isxit.js:2:159565)
    at MessagePort.O (https://handhold.io/_next/static/chunks/0ysdit25isxit.js:2:7723)
[    1975ms] [ERROR] The Content Security Policy directive 'upgrade-insecure-requests' is ignored when delivered in a report-only policy. @ https://handhold.io/demo/embed.js:20
[    3131ms] [INFO] Loading the script 'https://js-eu1.hs-scripts.com/139698823.js' violates the following Content Security Policy directive: "script-src 'self' 'unsafe-eval' 'unsafe-inline' https://challenges.cloudflare.com https://js.stripe.com https://snap.licdn.com https://plausible.io https://*.posthog.com https://*.cal.com". Note that 'script-src-elem' was not explicitly set, so 'script-src' is used as a fallback. The policy is report-only, so the violation has been logged but no further action has been taken. @ https://handhold.io/_next/static/chunks/0ysdit25isxit.js:1
[    3170ms] [INFO] Loading the script 'https://js-eu1.hs-scripts.com/139698823.js' violates the following Content Security Policy directive: "script-src 'self' 'unsafe-eval' 'unsafe-inline' https://challenges.cloudflare.com https://js.stripe.com https://snap.licdn.com https://plausible.io https://*.posthog.com https://*.cal.com". Note that 'script-src-elem' was not explicitly set, so 'script-src' is used as a fallback. The policy is report-only, so the violation has been logged but no further action has been taken. @ https://handhold.io/_next/static/chunks/0qywni~zd0pw5.js:1
[    3624ms] [INFO] Loading the script 'https://js-eu1.hs-analytics.net/analytics/1779882900000/139698823.js' violates the following Content Security Policy directive: "script-src 'self' 'unsafe-eval' 'unsafe-inline' https://challenges.cloudflare.com https://js.stripe.com https://snap.licdn.com https://plausible.io https://*.posthog.com https://*.cal.com". Note that 'script-src-elem' was not explicitly set, so 'script-src' is used as a fallback. The policy is report-only, so the violation has been logged but no further action has been taken. @ https://js-eu1.hs-scripts.com/139698823.js:4
[    3625ms] [INFO] Loading the script 'https://js-eu1.hscollectedforms.net/collectedforms.js' violates the following Content Security Policy directive: "script-src 'self' 'unsafe-eval' 'unsafe-inline' https://challenges.cloudflare.com https://js.stripe.com https://snap.licdn.com https://plausible.io https://*.posthog.com https://*.cal.com". Note that 'script-src-elem' was not explicitly set, so 'script-src' is used as a fallback. The policy is report-only, so the violation has been logged but no further action has been taken. @ https://js-eu1.hs-scripts.com/139698823.js:6
[    3625ms] [INFO] Loading the script 'https://js-eu1.hs-banner.com/v2/139698823/banner.js' violates the following Content Security Policy directive: "script-src 'self' 'unsafe-eval' 'unsafe-inline' https://challenges.cloudflare.com https://js.stripe.com https://snap.licdn.com https://plausible.io https://*.posthog.com https://*.cal.com". Note that 'script-src-elem' was not explicitly set, so 'script-src' is used as a fallback. The policy is report-only, so the violation has been logged but no further action has been taken. @ https://js-eu1.hs-scripts.com/139698823.js:10
[    4039ms] [ERROR] The Content Security Policy directive 'upgrade-insecure-requests' is ignored when delivered in a report-only policy. @ https://js-eu1.hscollectedforms.net/collectedforms.js:1
[    4040ms] [ERROR] The Content Security Policy directive 'upgrade-insecure-requests' is ignored when delivered in a report-only policy. @ https://js-eu1.hscollectedforms.net/collectedforms.js:1
[    4062ms] [INFO] Connecting to 'https://forms-eu1.hscollectedforms.net/collected-forms/v1/config/json?portalId=139698823&utk=' violates the following Content Security Policy directive: "connect-src 'self' https://*.sentry.io https://plausible.io https://challenges.cloudflare.com https://px.ads.linkedin.com https://px4.ads.linkedin.com https://api.stripe.com https://m.stripe.network https://*.posthog.com". The policy is report-only, so the violation has been logged but no further action has been taken. @ https://js-eu1.hscollectedforms.net/collectedforms.js:1
[    4183ms] [INFO] Loading the image 'https://track-eu1.hubspot.com/__ptq.gif?k=1&sd=1920x1080&cd=32-bit&cs=UTF-8&ln=en-us&v=1.1&a=139698823&rcu=https%3A%2F%2Fhandhold.io%2F&pu=https%3A%2F%2Fhandhold.io%2F&t=Handhold&cts=1779890138548&vi=9f2c22659c7e95f365f053011a0cfed4&nc=true&ce=false&cc=0' violates the following Content Security Policy directive: "img-src 'self' https://storage.googleapis.com/align-public-files/ https://storage.googleapis.com/align-videos-dev/ cdn.getalign.com https://px.ads.linkedin.com https://px4.ads.linkedin.com blob: data:". The policy is report-only, so the violation has been logged but no further action has been taken. @ https://handhold.io/:0
[    4226ms] [ERROR] The Content Security Policy directive 'upgrade-insecure-requests' is ignored when delivered in a report-only policy. @ https://js-eu1.hs-analytics.net/analytics/1779882900000/139698823.js:18
[    4228ms] [ERROR] The Content Security Policy directive 'upgrade-insecure-requests' is ignored when delivered in a report-only policy. @ https://js-eu1.hs-analytics.net/analytics/1779882900000/139698823.js:18
[    4233ms] [ERROR] The Content Security Policy directive 'upgrade-insecure-requests' is ignored when delivered in a report-only policy. @ https://js-eu1.hs-analytics.net/analytics/1779882900000/139698823.js:18
[   14920ms] [WARNING] The resource https://handhold.io/_next/static/chunks/0ua7stxrhwy1l.css was preloaded using link preload but not used within a few seconds from the window's load event. Please make sure it has an appropriate `as` value and it is preloaded intentionally. @ https://handhold.io/:0
[   24023ms] [WARNING] The resource https://handhold.io/_next/static/chunks/0ua7stxrhwy1l.css was preloaded using link preload but not used within a few seconds from the window's load event. Please make sure it has an appropriate `as` value and it is preloaded intentionally. @ https://handhold.io/:0
[   28659ms] [WARNING] The resource https://handhold.io/_next/static/chunks/0ua7stxrhwy1l.css was preloaded using link preload but not used within a few seconds from the window's load event. Please make sure it has an appropriate `as` value and it is preloaded intentionally. @ https://handhold.io/:0
[   32035ms] [WARNING] The resource https://handhold.io/_next/static/chunks/0ua7stxrhwy1l.css was preloaded using link preload but not used within a few seconds from the window's load event. Please make sure it has an appropriate `as` value and it is preloaded intentionally. @ https://handhold.io/:0
[   36683ms] [WARNING] The resource https://handhold.io/_next/static/chunks/0ua7stxrhwy1l.css was preloaded using link preload but not used within a few seconds from the window's load event. Please make sure it has an appropriate `as` value and it is preloaded intentionally. @ https://handhold.io/:0
[   40028ms] [WARNING] The resource https://handhold.io/_next/static/chunks/0ua7stxrhwy1l.css was preloaded using link preload but not used within a few seconds from the window's load event. Please make sure it has an appropriate `as` value and it is preloaded intentionally. @ https://handhold.io/:0
